<section class="hero is-primary">
  <div class="hero-body">
    <div class="container">
      <h1 class="title">KunlaQuota</h1>
      <h2 class="subtitle">Share and enjoy funny quotes</h2>
    </div>
  </div>
</section>
